============================= test session starts =============================
platform win32 -- Python 3.13.5, pytest-9.0.2, pluggy-1.6.0
rootdir: C:\Users\VICTUS\Desktop\sweet-shop
plugins: anyio-4.12.0
collected 1 item

test_main.py .                                                           [100%]

============================== warnings summary ===============================
database.py:11
  C:\Users\VICTUS\Desktop\sweet-shop\database.py:11: MovedIn20Warning: The ``declarative_base()`` function is now available as sqlalchemy.orm.declarative_base(). (deprecated since: 2.0) (Background on SQLAlchemy 2.0 at: https://sqlalche.me/e/b8d9)
    Base = declarative_base()

schemas.py:13
  C:\Users\VICTUS\Desktop\sweet-shop\schemas.py:13: PydanticDeprecatedSince20: Support for class-based `config` is deprecated, use ConfigDict instead. Deprecated in Pydantic V2.0 to be removed in V3.0. See Pydantic V2 Migration Guide at https://errors.pydantic.dev/2.12/migration/
    class Sweet(SweetCreate):

-- Docs: https://docs.pytest.org/en/stable/how-to/capture-warnings.html
======================== 1 passed, 2 warnings in 1.80s ========================
